// Jest Snapshot v1, https://jestjs.io/docs/snapshot-testing

exports[`Pruebas en FirstApp Debe hacer match con el snapshot 1`] = `
<div>
  <h1>
    Hola, Soy Goku
  </h1>
  <p>
    La tierra explota
  </p>
  <p>
    Jan
  </p>
</div>
`;
